// Jest Snapshot v1, https://goo.gl/fbAQLP

exports[`Screen - Unauthorized should render the screen 1`] = `
<div>
  <div
    class="makeStyles-root-1"
    data-testid="screen-unauthorized"
  >
    <p
      class="MuiTypography-root MuiTypography-body1"
    >
      This user account is Unauthorized and therefore has restricted access. Please contact HR.
    </p>
  </div>
</div>
`;
