// Jest Snapshot v1, https://goo.gl/fbAQLP

exports[`Component - RelationshipField renders the RelationshipField component 1`] = `
<div>
  <div
    class="MuiGrid-root MuiGrid-container MuiGrid-item"
    style="display: grid; grid-template-columns: auto min-content min-content; align-items: center;"
  >
    <div
      class="MuiFormControl-root"
    >
      <label
        class="MuiFormLabel-root MuiInputLabel-root MuiInputLabel-formControl MuiInputLabel-animated MuiInputLabel-shrink MuiFormLabel-filled"
        data-shrink="true"
        for="title-select"
      >
        Title
      </label>
      <div
        class="MuiInputBase-root MuiInput-root MuiInput-underline MuiInputBase-formControl MuiInput-formControl"
        data-testid="title-select"
      >
        <div
          aria-haspopup="listbox"
          aria-labelledby=" mui-component-select-title"
          class="MuiSelect-root MuiSelect-select MuiSelect-selectMenu MuiInputBase-input MuiInput-input"
          id="mui-component-select-title"
          role="button"
          tabindex="0"
        >
          Partner
        </div>
        <input
          id="title-select"
          name="title"
          type="hidden"
          value="[object Object]"
        />
        <svg
          aria-hidden="true"
          class="MuiSvgIcon-root MuiSelect-icon"
          focusable="false"
          viewBox="0 0 24 24"
        >
          <path
            d="M7 10l5 5 5-5z"
          />
        </svg>
      </div>
      <p
        class="MuiFormHelperText-root MuiFormHelperText-filled"
      />
    </div>
    <button
      class="MuiButtonBase-root MuiButton-root MuiButton-outlined MuiButton-outlinedPrimary MuiButton-outlinedSizeSmall MuiButton-sizeSmall"
      tabindex="0"
      type="button"
    >
      <span
        class="MuiButton-label"
      >
        +
      </span>
      <span
        class="MuiTouchRipple-root"
      />
    </button>
    <button
      class="MuiButtonBase-root MuiButton-root MuiButton-outlined MuiButton-outlinedPrimary MuiButton-outlinedSizeSmall MuiButton-sizeSmall"
      tabindex="0"
      type="button"
    >
      <span
        class="MuiButton-label"
      >
        âœŽ
      </span>
      <span
        class="MuiTouchRipple-root"
      />
    </button>
  </div>
</div>
`;
