// Jest Snapshot v1, https://goo.gl/fbAQLP

exports[`Helper - RouteHelper routeDashboard 1`] = `"/dashboard"`;
